// Jest Snapshot v1, https://goo.gl/fbAQLP

exports[`Victory rendering Renders OK 1`] = `
<span
  className="victory"
>
  You won!
</span>
`;
